// Jest Snapshot v1, https://goo.gl/fbAQLP

exports[`Getting map items Retrieves the maps 1`] = `
Object {
  "data": Object {
    "maps": Array [],
  },
}
`;
